// Jest Snapshot v1, https://goo.gl/fbAQLP

exports[`Nav component renders UI as expected 1`] = `
<header
  aria-live="polite"
  className="nav-header"
>
  <div
    className="nav-logo-header"
  >
    <div
      className="logo-div"
    >
      <i
        className="fa fa-tv fa-2x"
        onClick={[Function]}
      />
    </div>
    <a
      href="/"
      onClick={[Function]}
    >
      <h2
        className="nav-title"
      >
        TV Tracker
      </h2>
    </a>
  </div>
  <nav
    className="nav"
  >
    <div
      className="nav-links"
    >
      <a
        aria-current={null}
        className="nav-li"
        href="/login"
        onClick={[Function]}
      >
        Login
      </a>
      <a
        aria-current={null}
        className="nav-li"
        href="/register"
        onClick={[Function]}
      >
        Register
      </a>
    </div>
  </nav>
</header>
`;
