// Jest Snapshot v1, https://goo.gl/fbAQLP

exports[`AddForm component renders UI as expected 1`] = `
<section
  className="add-form-section"
>
  <div
    className="error-form"
    role="alert"
  />
  <form
    className="add-show-form"
    id="add-show-form"
    onSubmit={[Function]}
  >
    <h1
      className="add-form-title"
    >
      Add a TV Show
    </h1>
    <div
      className="form-section"
    >
      <label
        className="add-form-label"
        htmlFor="tv_title"
      >
        TV Show Name
        <span
          className="required"
        >
          *
        </span>
      </label>
      <input
        aria-invalid="true"
        aria-required="true"
        className="add-form-input"
        id="tv_title"
        name="tv_title"
        onChange={[Function]}
        required={true}
        type="text"
      />
    </div>
    <div
      className="form-section"
    >
      <label
        className="add-form-label"
        htmlFor="status"
      >
        Status
        <span
          className="required"
        >
          *
        </span>
      </label>
      <select
        aria-invalid="true"
        aria-required="true"
        className="add-form-select"
        id="status"
        name="status"
        onChange={[Function]}
        required={true}
      >
        <option
          value="Planning to Watch"
        >
          Plan to Watch
        </option>
        <option
          value="Currently Watching"
        >
          Currently Watching
        </option>
        <option
          value="Completed"
        >
          Completed
        </option>
      </select>
    </div>
    <div
      className="form-section"
    >
      <label
        className="add-form-label"
        htmlFor="season_number"
      >
        Season No.
      </label>
      <input
        className="add-form-input"
        id="season_number"
        min="1"
        name="season_number"
        onChange={[Function]}
        type="number"
        value={1}
      />
    </div>
    <div
      className="form-section"
    >
      <label
        className="add-form-label"
        htmlFor="episode_number"
      >
        Episode No.
      </label>
      <input
        className="add-form-input"
        id="episode_number"
        min="1"
        name="episode_number"
        onChange={[Function]}
        type="number"
        value={1}
      />
    </div>
    <div
      className="form-section"
    >
      <label
        className="add-form-label"
        htmlFor="rating"
      >
        Rating
      </label>
      <select
        className="add-form-select"
        id="rating"
        name="rating"
      >
        <option
          value=""
        >
          Select a Rating...
        </option>
        <option
          value="1"
        >
          1 Star
        </option>
        <option
          value="2"
        >
          2 Stars
        </option>
        <option
          value="3"
        >
          3 Stars
        </option>
        <option
          value="4"
        >
          4 Stars
        </option>
        <option
          value="5"
        >
          5 Stars
        </option>
      </select>
    </div>
    <div
      className="form-section"
    >
      <label
        className="add-form-label"
        htmlFor="genre"
      >
        Genre
      </label>
      <select
        className="add-form-select"
        id="genre"
        name="genre"
      >
        <option
          value="N/A"
        >
          Select a Genre...
        </option>
        <option
          value="Action"
        >
          Action
        </option>
        <option
          value="Animated"
        >
          Animated
        </option>
        <option
          value="Comedy"
        >
          Comedy
        </option>
        <option
          value="Documentary"
        >
          Documentary
        </option>
        <option
          value="Drama"
        >
          Drama
        </option>
        <option
          value="Educational"
        >
          Educational
        </option>
        <option
          value="Fantasy"
        >
          Fantasy
        </option>
        <option
          value="Horror"
        >
          Horror
        </option>
        <option
          value="Mystery"
        >
          Mystery
        </option>
        <option
          value="Reality"
        >
          Reality
        </option>
        <option
          value="Sitcom"
        >
          Sitcom
        </option>
        <option
          value="Sci-Fi"
        >
          Sci-Fi
        </option>
        <option
          value="Thriller"
        >
          Thriller
        </option>
        <option
          value="Variety"
        >
          Variety
        </option>
      </select>
    </div>
    <div
      className="form-section"
    >
      <label
        className="add-form-label"
        htmlFor="description"
      >
        Description
      </label>
      <textarea
        className="add-form-input"
        id="description"
        name="description"
        type="text"
      />
    </div>
    <div
      className="form-section-last"
    >
      <label
        className="add-form-label"
        htmlFor="review"
      >
        Review
      </label>
      <textarea
        className="add-form-input"
        id="review"
        name="review"
        type="text"
      />
    </div>
    <p
      className="required-p"
    >
      <span
        className="required"
      >
        *
      </span>
      Required Fields
    </p>
    <div
      className="form-buttons-div"
    >
      <button
        className="add-show-button"
        disabled="Please enter a TV show name"
        type="submit"
      >
        Submit
      </button>
      <button
        className="reset-button"
        onClick={[Function]}
        type="button"
      >
        Reset
      </button>
      <button
        className="add-back-button"
        onClick={[Function]}
        type="button"
      >
        Back
      </button>
    </div>
  </form>
</section>
`;

exports[`AddForm component renders an .AddForm by default 1`] = `<AddForm />`;
