// Jest Snapshot v1, https://goo.gl/fbAQLP

exports[`CurrentlyWatching component renders UI as expected 1`] = `
<div
  className="currently-section"
>
  <div
    className="error-bigger"
    role="alert"
  />
  <section
    className="tv-queries"
  >
    <h1
      className="current-h1"
    >
      Currently Watching
    </h1>
    <div
      className="query-flex"
    >
      <div
        className="search-div"
      >
        <label
          className="search-label"
          htmlFor="searchTerm"
        >
          Search TV Show
        </label>
        <input
          id="searchTerm"
          name="searchTerm"
          onChange={[Function]}
          placeholder="Search TV Show"
          type="text"
          value=""
        />
      </div>
      <div
        className="filter-genre"
      >
        <label
          aria-hidden="true"
          className="hidden"
          htmlFor="genre-options"
        >
          Genre Options
        </label>
        <select
          id="genre-options"
          name="genre-options"
          onChange={[Function]}
        >
          <option
            value=""
          >
            Filter By Genre...
          </option>
          <option
            value="N/A"
          >
            N/A
          </option>
          <option
            value="Action"
          >
            Action
          </option>
          <option
            value="Animated"
          >
            Animated
          </option>
          <option
            value="Comedy"
          >
            Comedy
          </option>
          <option
            value="Documentary"
          >
            Documentary
          </option>
          <option
            value="Drama"
          >
            Drama
          </option>
          <option
            value="Educational"
          >
            Educational
          </option>
          <option
            value="Fantasy"
          >
            Fantasy
          </option>
          <option
            value="Horror"
          >
            Horror
          </option>
          <option
            value="Mystery"
          >
            Mystery
          </option>
          <option
            value="Reality"
          >
            Reality
          </option>
          <option
            value="Sitcom"
          >
            Sitcom
          </option>
          <option
            value="Sci-Fi"
          >
            Sci-Fi
          </option>
          <option
            value="Thriller"
          >
            Thriller
          </option>
          <option
            value="Variety"
          >
            Variety
          </option>
        </select>
      </div>
      <div
        className="filter-rating"
      >
        <label
          aria-hidden="true"
          className="hidden"
          htmlFor="rating-options"
        >
          Rating Options
        </label>
        <select
          id="rating-options"
          name="rating-options"
          onChange={[Function]}
        >
          <option
            value=""
          >
            Filter By Min. Rating...
          </option>
          <option
            value="0"
          >
            No Rating
          </option>
          <option
            value="1"
          >
            1 Star
          </option>
          <option
            value="2"
          >
            2 Stars
          </option>
          <option
            value="3"
          >
            3 Stars
          </option>
          <option
            value="4"
          >
            4 Stars
          </option>
          <option
            value="5"
          >
            5 Stars
          </option>
        </select>
      </div>
      <div
        className="sort-div"
      >
        <label
          aria-hidden="true"
          className="hidden"
          htmlFor="sort-options"
        >
          Sort Options
        </label>
        <select
          id="sort-options"
          name="sort-options"
          onChange={[Function]}
        >
          <option
            value="0"
          >
            Sort By...
          </option>
          <optgroup
            label="TV Show Name"
          >
            <option
              value="1"
            >
              Name (A-Z)
            </option>
            <option
              value="2"
            >
              Name (Z-A)
            </option>
          </optgroup>
          <optgroup
            label="Rating"
          >
            <option
              value="3"
            >
              Rating (Low to High)
            </option>
            <option
              value="4"
            >
              Rating (High to Low)
            </option>
          </optgroup>
        </select>
      </div>
    </div>
  </section>
  <ul
    aria-live="polite"
    className="tv-entries-list"
  >
    <li
      className="tv-show-entry"
      onClick={[Function]}
    >
      <h2
        className="entry-title"
      >
        Example
      </h2>
      <div
        className="entry-div"
      >
        <p
          className="entry-p"
        >
          Season: 
          1
        </p>
        <p
          className="entry-p"
        >
          Episode: 
          1
        </p>
        <p
          className="entry-p"
        >
          Genre: 
          Action
        </p>
        <p
          className="entry-p"
        >
          Rating: 
          3
        </p>
      </div>
      <div
        aria-live="polite"
        className="entry-buttons"
      >
        <i
          aria-label="Edit TV show button"
          className="fa fa-edit fa-lg edit-button"
          onClick={[Function]}
          onMouseOut={[Function]}
          onMouseOver={[Function]}
        />
        <i
          aria-label="Delete TV show button"
          className="fa fa-trash fa-lg"
          onClick={[Function]}
          onMouseOut={[Function]}
          onMouseOver={[Function]}
        />
      </div>
    </li>
    <li
      className="tv-show-entry"
      onClick={[Function]}
    >
      <h2
        className="entry-title"
      >
        Example 2
      </h2>
      <div
        className="entry-div"
      >
        <p
          className="entry-p"
        >
          Season: 
          1
        </p>
        <p
          className="entry-p"
        >
          Episode: 
          1
        </p>
        <p
          className="entry-p"
        >
          Genre: 
          Action
        </p>
        <p
          className="entry-p"
        >
          Rating: 
          3
        </p>
      </div>
      <div
        aria-live="polite"
        className="entry-buttons"
      >
        <i
          aria-label="Edit TV show button"
          className="fa fa-edit fa-lg edit-button"
          onClick={[Function]}
          onMouseOut={[Function]}
          onMouseOver={[Function]}
        />
        <i
          aria-label="Delete TV show button"
          className="fa fa-trash fa-lg"
          onClick={[Function]}
          onMouseOut={[Function]}
          onMouseOver={[Function]}
        />
      </div>
    </li>
  </ul>
</div>
`;

exports[`CurrentlyWatching component renders a .CurrentlyWatching by default 1`] = `<CurrentlyWatching />`;

exports[`CurrentlyWatching component renders a Show in section for each notes in array 1`] = `null`;
