// Jest Snapshot v1, https://goo.gl/fbAQLP

exports[`TvShowEntry component renders a .TvShowEntry by default 1`] = `
<li
  className="tv-show-entry"
  onClick={[Function]}
>
  <h2
    className="entry-title"
    id="show-entry-h2"
  >
    Example
  </h2>
  <div
    className="entry-div"
  >
    <p
      className="entry-p"
    >
      Season: 
      1
    </p>
    <p
      className="entry-p"
    >
      Episode: 
      1
    </p>
    <p
      className="entry-p"
    >
      Genre: 
      Action
    </p>
    <p
      className="entry-p"
    >
      Rating: 
      3
    </p>
  </div>
  <div
    aria-live="polite"
    className="entry-buttons"
  >
    <i
      aria-label="Edit TV show button"
      className="fa fa-edit fa-lg edit-button"
      onClick={[Function]}
      onMouseOut={[Function]}
      onMouseOver={[Function]}
    />
    <i
      aria-label="Delete TV show button"
      className="fa fa-trash fa-lg"
      onClick={[Function]}
      onMouseOut={[Function]}
      onMouseOver={[Function]}
    />
  </div>
</li>
`;
